[0.300s] DEBUG:colcon:Command line arguments: ['/usr/bin/colcon', 'build', '--packages-select', 'roberto']
[0.300s] DEBUG:colcon:Parsed command line arguments: Namespace(log_base=None, log_level=None, verb_name='build', build_base='build', install_base='install', merge_install=False, symlink_install=False, test_result_base=None, continue_on_error=False, executor='parallel', parallel_workers=8, event_handlers=None, ignore_user_meta=False, metas=['./colcon.meta'], base_paths=['.'], packages_ignore=None, packages_ignore_regex=None, paths=None, packages_up_to=None, packages_up_to_regex=None, packages_above=None, packages_above_and_dependencies=None, packages_above_depth=None, packages_select_by_dep=None, packages_skip_by_dep=None, packages_skip_up_to=None, packages_select_build_failed=False, packages_skip_build_finished=False, packages_select_test_failures=False, packages_skip_test_passed=False, packages_select=['roberto'], packages_skip=None, packages_select_regex=None, packages_skip_regex=None, packages_start=None, packages_end=None, allow_overriding=[], cmake_args=None, cmake_target=None, cmake_target_skip_unavailable=False, cmake_clean_cache=False, cmake_clean_first=False, cmake_force_configure=False, ament_cmake_args=None, catkin_cmake_args=None, catkin_skip_building_tests=False, mixin_files=None, mixin=None, verb_parser=<colcon_mixin.mixin.mixin_argument.MixinArgumentDecorator object at 0x74f1be18a2a0>, verb_extension=<colcon_core.verb.build.BuildVerb object at 0x74f1be2ae0c0>, main=<bound method BuildVerb.main of <colcon_core.verb.build.BuildVerb object at 0x74f1be2ae0c0>>, mixin_verb=('build',))
[0.363s] Level 1:colcon.colcon_core.package_discovery:discover_packages(colcon_meta) check parameters
[0.364s] Level 1:colcon.colcon_core.package_discovery:discover_packages(recursive) check parameters
[0.364s] Level 1:colcon.colcon_core.package_discovery:discover_packages(ignore) check parameters
[0.364s] Level 1:colcon.colcon_core.package_discovery:discover_packages(path) check parameters
[0.364s] Level 1:colcon.colcon_core.package_discovery:discover_packages(colcon_meta) discover
[0.364s] Level 1:colcon.colcon_core.package_discovery:discover_packages(recursive) discover
[0.364s] INFO:colcon.colcon_core.package_discovery:Crawling recursively for packages in '/root/ROS2/turtlebot3_ws/src/roberto'
[0.364s] Level 1:colcon.colcon_core.package_identification:_identify(.) by extensions ['ignore', 'ignore_ament_install']
[0.364s] Level 1:colcon.colcon_core.package_identification:_identify(.) by extension 'ignore'
[0.364s] Level 1:colcon.colcon_core.package_identification:_identify(.) by extension 'ignore_ament_install'
[0.364s] Level 1:colcon.colcon_core.package_identification:_identify(.) by extensions ['colcon_pkg']
[0.365s] Level 1:colcon.colcon_core.package_identification:_identify(.) by extension 'colcon_pkg'
[0.365s] Level 1:colcon.colcon_core.package_identification:_identify(.) by extensions ['colcon_meta']
[0.365s] Level 1:colcon.colcon_core.package_identification:_identify(.) by extension 'colcon_meta'
[0.365s] Level 1:colcon.colcon_core.package_identification:_identify(.) by extensions ['ros']
[0.365s] Level 1:colcon.colcon_core.package_identification:_identify(.) by extension 'ros'
[0.406s] DEBUG:colcon.colcon_core.package_identification:Package '.' with type 'ros.ament_cmake' and name 'roberto'
[0.407s] Level 1:colcon.colcon_core.package_discovery:discover_packages(recursive) using defaults
[0.407s] Level 1:colcon.colcon_core.package_discovery:discover_packages(ignore) discover
[0.407s] Level 1:colcon.colcon_core.package_discovery:discover_packages(ignore) using defaults
[0.407s] Level 1:colcon.colcon_core.package_discovery:discover_packages(path) discover
[0.407s] Level 1:colcon.colcon_core.package_discovery:discover_packages(path) using defaults
[0.432s] Level 1:colcon.colcon_core.package_discovery:discover_packages(prefix_path) check parameters
[0.433s] Level 1:colcon.colcon_core.package_discovery:discover_packages(prefix_path) discover
[0.434s] WARNING:colcon.colcon_ros.prefix_path.ament:The path '/root/ROS2/turtlebot3_ws/src/roberto/install/roberto' in the environment variable AMENT_PREFIX_PATH doesn't exist
[0.434s] WARNING:colcon.colcon_ros.prefix_path.catkin:The path '/root/ROS2/turtlebot3_ws/src/roberto/install/roberto' in the environment variable CMAKE_PREFIX_PATH doesn't exist
[0.436s] DEBUG:colcon.colcon_installed_package_information.package_discovery:Found 0 installed packages in /root/ROS2/turtlebot3_ws/src/roberto/install
[0.436s] DEBUG:colcon.colcon_installed_package_information.package_discovery:Found 1 installed packages in /root/ROS2/turtlebot3_ws/install
[0.440s] DEBUG:colcon.colcon_installed_package_information.package_discovery:Found 368 installed packages in /opt/ros/jazzy
[0.442s] Level 1:colcon.colcon_core.package_discovery:discover_packages(prefix_path) using defaults
[0.528s] Level 5:colcon.colcon_core.verb:set package 'roberto' build argument 'cmake_args' from command line to 'None'
[0.528s] Level 5:colcon.colcon_core.verb:set package 'roberto' build argument 'cmake_target' from command line to 'None'
[0.528s] Level 5:colcon.colcon_core.verb:set package 'roberto' build argument 'cmake_target_skip_unavailable' from command line to 'False'
[0.528s] Level 5:colcon.colcon_core.verb:set package 'roberto' build argument 'cmake_clean_cache' from command line to 'False'
[0.528s] Level 5:colcon.colcon_core.verb:set package 'roberto' build argument 'cmake_clean_first' from command line to 'False'
[0.528s] Level 5:colcon.colcon_core.verb:set package 'roberto' build argument 'cmake_force_configure' from command line to 'False'
[0.528s] Level 5:colcon.colcon_core.verb:set package 'roberto' build argument 'ament_cmake_args' from command line to 'None'
[0.528s] Level 5:colcon.colcon_core.verb:set package 'roberto' build argument 'catkin_cmake_args' from command line to 'None'
[0.528s] Level 5:colcon.colcon_core.verb:set package 'roberto' build argument 'catkin_skip_building_tests' from command line to 'False'
[0.529s] DEBUG:colcon.colcon_core.verb:Building package 'roberto' with the following arguments: {'ament_cmake_args': None, 'build_base': '/root/ROS2/turtlebot3_ws/src/roberto/build/roberto', 'catkin_cmake_args': None, 'catkin_skip_building_tests': False, 'cmake_args': None, 'cmake_clean_cache': False, 'cmake_clean_first': False, 'cmake_force_configure': False, 'cmake_target': None, 'cmake_target_skip_unavailable': False, 'install_base': '/root/ROS2/turtlebot3_ws/src/roberto/install/roberto', 'merge_install': False, 'path': '/root/ROS2/turtlebot3_ws/src/roberto', 'symlink_install': False, 'test_result_base': None}
[0.529s] INFO:colcon.colcon_core.executor:Executing jobs using 'parallel' executor
[0.530s] DEBUG:colcon.colcon_parallel_executor.executor.parallel:run_until_complete
[0.530s] INFO:colcon.colcon_ros.task.ament_cmake.build:Building ROS package in '/root/ROS2/turtlebot3_ws/src/roberto' with build type 'ament_cmake'
[0.531s] INFO:colcon.colcon_cmake.task.cmake.build:Building CMake package in '/root/ROS2/turtlebot3_ws/src/roberto'
[0.533s] INFO:colcon.colcon_core.plugin_system:Skipping extension 'colcon_core.shell.bat': Not used on non-Windows systems
[0.534s] INFO:colcon.colcon_core.shell:Skip shell extension 'powershell' for command environment: Not usable outside of PowerShell
[0.534s] DEBUG:colcon.colcon_core.shell:Skip shell extension 'dsv' for command environment
[0.553s] DEBUG:colcon.colcon_core.event_handler.log_command:Invoking command in '/root/ROS2/turtlebot3_ws/src/roberto/build/roberto': CMAKE_PREFIX_PATH=${CMAKE_PREFIX_PATH}:/opt/ros/jazzy /usr/bin/cmake /root/ROS2/turtlebot3_ws/src/roberto -DCMAKE_INSTALL_PREFIX=/root/ROS2/turtlebot3_ws/src/roberto/install/roberto
[24.983s] DEBUG:colcon.colcon_core.event_handler.log_command:Invoked command in '/root/ROS2/turtlebot3_ws/src/roberto/build/roberto' returned '0': CMAKE_PREFIX_PATH=${CMAKE_PREFIX_PATH}:/opt/ros/jazzy /usr/bin/cmake /root/ROS2/turtlebot3_ws/src/roberto -DCMAKE_INSTALL_PREFIX=/root/ROS2/turtlebot3_ws/src/roberto/install/roberto
[24.986s] DEBUG:colcon.colcon_core.event_handler.log_command:Invoking command in '/root/ROS2/turtlebot3_ws/src/roberto/build/roberto': CMAKE_PREFIX_PATH=${CMAKE_PREFIX_PATH}:/opt/ros/jazzy /usr/bin/cmake --build /root/ROS2/turtlebot3_ws/src/roberto/build/roberto -- -j8 -l8
[34.906s] DEBUG:colcon.colcon_parallel_executor.executor.parallel:run_until_complete was interrupted
[34.906s] DEBUG:colcon.colcon_parallel_executor.executor.parallel:run_until_complete again
[34.954s] DEBUG:colcon.colcon_core.event_handler.log_command:Invoked command in '/root/ROS2/turtlebot3_ws/src/roberto/build/roberto' returned '-2': CMAKE_PREFIX_PATH=${CMAKE_PREFIX_PATH}:/opt/ros/jazzy /usr/bin/cmake --build /root/ROS2/turtlebot3_ws/src/roberto/build/roberto -- -j8 -l8
[34.954s] Level 1:colcon.colcon_core.environment:create_environment_scripts_only(roberto)
[34.957s] Level 1:colcon.colcon_core.environment:checking '/root/ROS2/turtlebot3_ws/src/roberto/install/roberto' for CMake module files
[34.959s] Level 1:colcon.colcon_core.environment:checking '/root/ROS2/turtlebot3_ws/src/roberto/install/roberto' for CMake config files
[34.959s] Level 1:colcon.colcon_core.environment:checking '/root/ROS2/turtlebot3_ws/src/roberto/install/roberto/bin'
[34.959s] Level 1:colcon.colcon_core.environment:checking '/root/ROS2/turtlebot3_ws/src/roberto/install/roberto/lib/pkgconfig/roberto.pc'
[34.960s] Level 1:colcon.colcon_core.environment:checking '/root/ROS2/turtlebot3_ws/src/roberto/install/roberto/lib/python3.12/site-packages'
[34.961s] Level 1:colcon.colcon_core.environment:checking '/root/ROS2/turtlebot3_ws/src/roberto/install/roberto/bin'
[34.961s] INFO:colcon.colcon_core.shell:Creating package script '/root/ROS2/turtlebot3_ws/src/roberto/install/roberto/share/roberto/package.ps1'
[34.964s] INFO:colcon.colcon_core.shell:Creating package descriptor '/root/ROS2/turtlebot3_ws/src/roberto/install/roberto/share/roberto/package.dsv'
[34.965s] INFO:colcon.colcon_core.shell:Creating package script '/root/ROS2/turtlebot3_ws/src/roberto/install/roberto/share/roberto/package.sh'
[34.967s] INFO:colcon.colcon_core.shell:Creating package script '/root/ROS2/turtlebot3_ws/src/roberto/install/roberto/share/roberto/package.bash'
[34.968s] INFO:colcon.colcon_core.shell:Creating package script '/root/ROS2/turtlebot3_ws/src/roberto/install/roberto/share/roberto/package.zsh'
[34.969s] Level 1:colcon.colcon_core.environment:create_file_with_runtime_dependencies(/root/ROS2/turtlebot3_ws/src/roberto/install/roberto/share/colcon-core/packages/roberto)
[34.981s] DEBUG:colcon.colcon_parallel_executor.executor.parallel:run_until_complete finished
[34.981s] DEBUG:colcon.colcon_parallel_executor.executor.parallel:closing loop
[34.981s] DEBUG:colcon.colcon_parallel_executor.executor.parallel:loop closed
[34.981s] DEBUG:colcon.colcon_core.event_reactor:joining thread
[35.049s] INFO:colcon.colcon_core.plugin_system:Skipping extension 'colcon_notification.desktop_notification.notify_send': Could not find 'notify-send'
[35.049s] INFO:colcon.colcon_core.plugin_system:Skipping extension 'colcon_notification.desktop_notification.terminal_notifier': Not used on non-Darwin systems
[35.049s] INFO:colcon.colcon_core.plugin_system:Skipping extension 'colcon_notification.desktop_notification.win32': Not used on non-Windows systems
[35.049s] INFO:colcon.colcon_notification.desktop_notification:Sending desktop notification using 'notify2'
[35.050s] DEBUG:colcon.colcon_notification.desktop_notification.notify2:Failed to initialize notify2: org.freedesktop.DBus.Error.ServiceUnknown: The name org.freedesktop.Notifications was not provided by any .service files
[35.050s] DEBUG:colcon.colcon_core.event_reactor:joined thread
[35.051s] INFO:colcon.colcon_core.shell:Creating prefix script '/root/ROS2/turtlebot3_ws/src/roberto/install/local_setup.ps1'
[35.052s] INFO:colcon.colcon_core.shell:Creating prefix util module '/root/ROS2/turtlebot3_ws/src/roberto/install/_local_setup_util_ps1.py'
[35.054s] INFO:colcon.colcon_core.shell:Creating prefix chain script '/root/ROS2/turtlebot3_ws/src/roberto/install/setup.ps1'
[35.055s] INFO:colcon.colcon_core.shell:Creating prefix script '/root/ROS2/turtlebot3_ws/src/roberto/install/local_setup.sh'
[35.056s] INFO:colcon.colcon_core.shell:Creating prefix util module '/root/ROS2/turtlebot3_ws/src/roberto/install/_local_setup_util_sh.py'
[35.056s] INFO:colcon.colcon_core.shell:Creating prefix chain script '/root/ROS2/turtlebot3_ws/src/roberto/install/setup.sh'
[35.058s] INFO:colcon.colcon_core.shell:Creating prefix script '/root/ROS2/turtlebot3_ws/src/roberto/install/local_setup.bash'
[35.058s] INFO:colcon.colcon_core.shell:Creating prefix chain script '/root/ROS2/turtlebot3_ws/src/roberto/install/setup.bash'
[35.060s] INFO:colcon.colcon_core.shell:Creating prefix script '/root/ROS2/turtlebot3_ws/src/roberto/install/local_setup.zsh'
[35.061s] INFO:colcon.colcon_core.shell:Creating prefix chain script '/root/ROS2/turtlebot3_ws/src/roberto/install/setup.zsh'
