[0.017s] Invoking command in '/root/ROS2/turtlebot3_ws/src/roberto/build/roberto': CMAKE_PREFIX_PATH=${CMAKE_PREFIX_PATH}:/opt/ros/jazzy /usr/bin/cmake /root/ROS2/turtlebot3_ws/src/roberto -DCMAKE_INSTALL_PREFIX=/root/ROS2/turtlebot3_ws/src/roberto/install/roberto
[0.223s] -- The C compiler identification is GNU 13.3.0
[1.174s] -- The CXX compiler identification is GNU 13.3.0
[2.098s] -- Detecting C compiler ABI info
[2.426s] -- Detecting C compiler ABI info - done
[2.441s] -- Check for working C compiler: /usr/bin/cc - skipped
[2.441s] -- Detecting C compile features
[2.442s] -- Detecting C compile features - done
[2.570s] -- Detecting CXX compiler ABI info
[3.174s] -- Detecting CXX compiler ABI info - done
[3.189s] -- Check for working CXX compiler: /usr/bin/c++ - skipped
[3.189s] -- Detecting CXX compile features
[3.190s] -- Detecting CXX compile features - done
[3.196s] -- Found ament_cmake: 2.5.5 (/opt/ros/jazzy/share/ament_cmake/cmake)
[3.455s] -- Found Python3: /usr/bin/python3 (found version "3.12.3") found components: Interpreter 
[3.872s] -- Found ros_gz_sim: 1.0.18 (/opt/ros/jazzy/share/ros_gz_sim/cmake)
[4.175s] -- Found rosidl_generator_c: 4.6.7 (/opt/ros/jazzy/share/rosidl_generator_c/cmake)
[4.209s] -- Found rosidl_generator_cpp: 4.6.7 (/opt/ros/jazzy/share/rosidl_generator_cpp/cmake)
[4.245s] -- Using all available rosidl_typesupport_c: rosidl_typesupport_fastrtps_c;rosidl_typesupport_introspection_c
[4.279s] -- Using all available rosidl_typesupport_cpp: rosidl_typesupport_fastrtps_cpp;rosidl_typesupport_introspection_cpp
[4.433s] -- Found rmw_implementation_cmake: 7.3.3 (/opt/ros/jazzy/share/rmw_implementation_cmake/cmake)
[4.439s] -- Found rmw_fastrtps_cpp: 8.4.3 (/opt/ros/jazzy/share/rmw_fastrtps_cpp/cmake)
[4.620s] -- Found OpenSSL: /usr/lib/x86_64-linux-gnu/libcrypto.so (found version "3.0.13")  
[5.033s] -- Found FastRTPS: /opt/ros/jazzy/include (Required is at least version "2.13") 
[5.192s] -- Using RMW implementation 'rmw_fastrtps_cpp' as default
[5.751s] -- Found nav_msgs: 5.3.6 (/opt/ros/jazzy/share/nav_msgs/cmake)
[5.796s] -- Found sensor_msgs: 5.3.6 (/opt/ros/jazzy/share/sensor_msgs/cmake)
[5.837s] -- Found gz_math_vendor: 0.0.8 (/opt/ros/jazzy/share/gz_math_vendor/cmake)
[5.854s] -- Looking for gz-math7 -- found version 7.5.2
[5.867s] -- Searching for dependencies of gz-math7
[5.871s] -- Looking for gz-utils2 -- found version 2.2.1
[5.871s] -- Searching for dependencies of gz-utils2
[5.878s] -- Found gz_sim_vendor: 0.0.9 (/opt/ros/jazzy/share/gz_sim_vendor/cmake)
[5.973s] -- Looking for gz-sim8 -- found version 8.10.0
[5.973s] -- Searching for dependencies of gz-sim8
[5.977s] -- Looking for sdformat14 -- found version 14.8.0
[5.977s] -- Searching for dependencies of sdformat14
[5.984s] -- Checking for module 'tinyxml2'
[6.036s] --   Found tinyxml2, version 10.0.0
[6.185s] -- Looking for gz-math7 -- found version 7.5.2
[6.186s] -- Looking for gz-utils2 -- found version 2.2.1
[6.187s] -- Searching for dependencies of gz-utils2
[6.188s] -- Searching for <gz-utils2> component [cli]
[6.204s] -- Looking for gz-utils2-cli -- found version 2.2.1
[6.204s] -- Searching for dependencies of gz-utils2-cli
[6.223s] -- Looking for gz-plugin2 -- found version 2.0.4
[6.223s] -- Searching for dependencies of gz-plugin2
[6.225s] -- Looking for gz-utils2 -- found version 2.2.1
[6.227s] -- Searching for <gz-plugin2> component [loader]
[6.241s] -- Looking for gz-plugin2-loader -- found version 2.0.4
[6.241s] -- Searching for dependencies of gz-plugin2-loader
[6.244s] -- Searching for <gz-plugin2> component [register]
[6.256s] -- Looking for gz-plugin2-register -- found version 2.0.4
[6.257s] -- Searching for dependencies of gz-plugin2-register
[6.271s] -- Looking for gz-transport13 -- found version 13.5.0
[6.272s] -- Searching for dependencies of gz-transport13
[8.671s] -- Found Protobuf: /usr/lib/x86_64-linux-gnu/libprotobuf.so (found version "3.21.12") 
[10.085s] -- Config-file not installed for ZeroMQ -- checking for pkg-config
[10.093s] -- Checking for module 'libzmq >= 4'
[10.117s] --   Found libzmq, version 4.3.5
[10.191s] -- Found ZeroMQ: TRUE (Required is at least version "4") 
[10.239s] -- Checking for module 'uuid'
[10.267s] --   Found uuid, version 2.39.3
[10.325s] -- Found UUID: TRUE  
[10.325s] -- Looking for gz-utils2 -- found version 2.2.1
[10.330s] -- Looking for gz-msgs10 -- found version 10.3.2
[10.331s] -- Searching for dependencies of gz-msgs10
[11.832s] -- Looking for gz-utils2 -- found version 2.2.1
[11.834s] -- Looking for gz-math7 -- found version 7.5.2
[11.869s] -- Searching for <gz-transport13> component [log]
[11.883s] -- Looking for gz-transport13-log -- found version 13.5.0
[11.885s] -- Searching for dependencies of gz-transport13-log
[11.887s] -- Searching for <gz-transport13> component [parameters]
[11.902s] -- Looking for gz-transport13-parameters -- found version 13.5.0
[11.903s] -- Searching for dependencies of gz-transport13-parameters
[11.908s] -- Looking for gz-msgs10 -- found version 10.3.2
[11.930s] -- Looking for gz-common5 -- found version 5.7.1
[11.930s] -- Searching for dependencies of gz-common5
[11.930s] -- Looking for gz-utils2 -- found version 2.2.1
[12.026s] -- Looking for dlfcn.h - found
[12.087s] -- Looking for libdl - found
[12.091s] -- Found DL: TRUE  
[12.108s] -- Searching for <gz-common5> component [av]
[12.113s] -- Looking for gz-common5-av -- found version 5.7.1
[12.113s] -- Searching for dependencies of gz-common5-av
[12.124s] -- Checking for module 'libswscale'
[12.149s] --   Found libswscale, version 7.5.100
[12.215s] -- Found SWSCALE: TRUE  
[12.224s] -- Checking for module 'libavdevice >= 56.4.100'
[12.251s] --   Found libavdevice, version 60.3.100
[12.344s] -- Found AVDEVICE: TRUE (Required is at least version "56.4.100") 
[12.352s] -- Checking for module 'libavformat'
[12.381s] --   Found libavformat, version 60.16.100
[12.450s] -- Found AVFORMAT: TRUE  
[12.457s] -- Checking for module 'libavcodec'
[12.489s] --   Found libavcodec, version 60.31.102
[12.557s] -- Found AVCODEC: TRUE  
[12.565s] -- Checking for module 'libavutil'
[12.591s] --   Found libavutil, version 58.29.100
[12.655s] -- Found AVUTIL: TRUE  
[12.656s] -- Searching for <gz-common5> component [events]
[12.663s] -- Looking for gz-common5-events -- found version 5.7.1
[12.663s] -- Searching for dependencies of gz-common5-events
[12.664s] -- Looking for gz-math7 -- found version 7.5.2
[12.665s] -- Searching for <gz-common5> component [graphics]
[12.671s] -- Looking for gz-common5-graphics -- found version 5.7.1
[12.671s] -- Searching for dependencies of gz-common5-graphics
[12.672s] -- Looking for gz-math7 -- found version 7.5.2
[12.684s] -- Found GzAssimp: TRUE (found version "5.3.0") 
[12.685s] -- Searching for <gz-common5> component [io]
[12.691s] -- Looking for gz-common5-io -- found version 5.7.1
[12.691s] -- Searching for dependencies of gz-common5-io
[12.692s] -- Searching for <gz-common5> component [profiler]
[12.698s] -- Looking for gz-common5-profiler -- found version 5.7.1
[12.698s] -- Searching for dependencies of gz-common5-profiler
[12.704s] -- Looking for gz-fuel_tools9 -- found version 9.1.1
[12.705s] -- Searching for dependencies of gz-fuel_tools9
[14.591s] -- Found CURL: /usr/lib/x86_64-linux-gnu/libcurl.so (found version "8.5.0")  
[14.610s] -- Checking for module 'jsoncpp'
[14.640s] --   Found jsoncpp, version 1.9.5
[14.701s] -- Found JSONCPP: TRUE  
[16.137s] -- Checking for module 'yaml-0.1'
[16.167s] --   Found yaml-0.1, version 0.2.5
[16.342s] -- Found YAML: TRUE  
[16.382s] -- Checking for module 'libzip'
[16.466s] --   Found libzip, version 1.7.3
[16.592s] -- Found ZIP: TRUE  
[16.593s] -- Looking for gz-utils2 -- found version 2.2.1
[16.593s] -- Looking for gz-common5 -- found version 5.7.1
[16.594s] -- Searching for dependencies of gz-common5
[16.594s] -- Looking for gz-utils2 -- found version 2.2.1
[16.595s] -- Looking for dlfcn.h - found
[16.595s] -- Looking for libdl - found
[16.611s] -- Searching for <gz-common5> component [testing]
[16.618s] -- Looking for gz-common5-testing -- found version 5.7.1
[16.618s] -- Searching for dependencies of gz-common5-testing
[16.620s] -- Looking for gz-math7 -- found version 7.5.2
[16.621s] -- Looking for gz-msgs10 -- found version 10.3.2
[16.630s] -- Looking for gz-gui8 -- found version 8.4.0
[16.630s] -- Searching for dependencies of gz-gui8
[18.086s] -- Looking for gz-utils2 -- found version 2.2.1
[18.087s] -- Looking for gz-math7 -- found version 7.5.2
[18.088s] -- Looking for gz-common5 -- found version 5.7.1
[18.089s] -- Looking for gz-plugin2 -- found version 2.0.4
[18.089s] -- Looking for gz-transport13 -- found version 13.5.0
[18.095s] -- Looking for gz-rendering8 -- found version 8.2.3
[18.095s] -- Searching for dependencies of gz-rendering8
[18.096s] -- Looking for gz-math7 -- found version 7.5.2
[18.096s] -- Searching for dependencies of gz-math7
[18.097s] -- Looking for gz-utils2 -- found version 2.2.1
[18.097s] -- Searching for <gz-math7> component [eigen3]
[18.103s] -- Looking for gz-math7-eigen3 -- found version 7.5.2
[18.104s] -- Searching for dependencies of gz-math7-eigen3
[18.120s] -- Looking for gz-common5 -- found version 5.7.1
[18.120s] -- Searching for dependencies of gz-common5
[18.121s] -- Looking for gz-utils2 -- found version 2.2.1
[18.122s] -- Looking for dlfcn.h - found
[18.122s] -- Looking for libdl - found
[18.135s] -- Searching for <gz-common5> component [graphics]
[18.136s] -- Searching for <gz-common5> component [events]
[18.136s] -- Searching for <gz-common5> component [geospatial]
[18.140s] -- Looking for gz-common5-geospatial -- found version 5.7.1
[18.141s] -- Searching for dependencies of gz-common5-geospatial
[18.141s] -- Looking for gz-math7 -- found version 7.5.2
[18.142s] -- Looking for gz-common5 -- found version 5.7.1
[18.144s] -- Looking for gz-plugin2 -- found version 2.0.4
[18.144s] -- Searching for dependencies of gz-plugin2
[18.145s] -- Looking for gz-utils2 -- found version 2.2.1
[18.145s] -- Searching for <gz-plugin2> component [all]
[18.150s] -- Looking for all libraries of gz-plugin2 -- found version 2.0.4
[18.155s] -- Looking for gz-plugin2 -- found version 2.0.4
[18.155s] -- Looking for gz-utils2 -- found version 2.2.1
[19.172s] -- Found OpenGL: /usr/lib/x86_64-linux-gnu/libOpenGL.so  found components: OpenGL 
[19.174s] -- Looking for gz-msgs10 -- found version 10.3.2
[19.292s] -- Looking for gz-physics7 -- found version 7.6.0
[19.292s] -- Searching for dependencies of gz-physics7
[19.293s] -- Looking for gz-common5 -- found version 5.7.1
[19.294s] -- Looking for gz-math7 -- found version 7.5.2
[19.294s] -- Looking for gz-plugin2 -- found version 2.0.4
[19.295s] -- Looking for gz-utils2 -- found version 2.2.1
[19.297s] -- Searching for <gz-physics7> component [heightmap]
[19.301s] -- Looking for gz-physics7-heightmap -- found version 7.6.0
[19.301s] -- Searching for dependencies of gz-physics7-heightmap
[19.302s] -- Looking for gz-common5 -- found version 5.7.1
[19.303s] -- Searching for <gz-physics7> component [mesh]
[19.307s] -- Looking for gz-physics7-mesh -- found version 7.6.0
[19.307s] -- Searching for dependencies of gz-physics7-mesh
[19.308s] -- Looking for gz-common5 -- found version 5.7.1
[19.309s] -- Searching for <gz-physics7> component [sdf]
[19.313s] -- Looking for gz-physics7-sdf -- found version 7.6.0
[19.313s] -- Searching for dependencies of gz-physics7-sdf
[19.316s] -- Looking for sdformat14 -- found version 14.8.0
[19.321s] -- Looking for gz-sensors8 -- found version 8.2.2
[19.321s] -- Searching for dependencies of gz-sensors8
[20.887s] -- Looking for gz-math7 -- found version 7.5.2
[20.893s] -- Looking for gz-common5 -- found version 5.7.1
[20.893s] -- Looking for gz-transport13 -- found version 13.5.0
[20.895s] -- Looking for gz-rendering8 -- found version 8.2.3
[20.897s] -- Looking for gz-msgs10 -- found version 10.3.2
[20.900s] -- Looking for sdformat14 -- found version 14.8.0
[20.903s] -- Searching for <gz-sensors8> component [air_pressure]
[20.915s] -- Looking for gz-sensors8-air_pressure -- found version 8.2.2
[20.916s] -- Searching for dependencies of gz-sensors8-air_pressure
[20.919s] -- Searching for <gz-sensors8> component [air_speed]
[20.932s] -- Looking for gz-sensors8-air_speed -- found version 8.2.2
[20.933s] -- Searching for dependencies of gz-sensors8-air_speed
[20.936s] -- Searching for <gz-sensors8> component [altimeter]
[20.948s] -- Looking for gz-sensors8-altimeter -- found version 8.2.2
[20.949s] -- Searching for dependencies of gz-sensors8-altimeter
[20.951s] -- Searching for <gz-sensors8> component [imu]
[20.963s] -- Looking for gz-sensors8-imu -- found version 8.2.2
[20.964s] -- Searching for dependencies of gz-sensors8-imu
[20.967s] -- Searching for <gz-sensors8> component [force_torque]
[20.978s] -- Looking for gz-sensors8-force_torque -- found version 8.2.2
[20.979s] -- Searching for dependencies of gz-sensors8-force_torque
[20.982s] -- Searching for <gz-sensors8> component [logical_camera]
[20.997s] -- Looking for gz-sensors8-logical_camera -- found version 8.2.2
[20.998s] -- Searching for dependencies of gz-sensors8-logical_camera
[21.001s] -- Searching for <gz-sensors8> component [magnetometer]
[21.014s] -- Looking for gz-sensors8-magnetometer -- found version 8.2.2
[21.014s] -- Searching for dependencies of gz-sensors8-magnetometer
[21.018s] -- Searching for <gz-sensors8> component [navsat]
[21.032s] -- Looking for gz-sensors8-navsat -- found version 8.2.2
[21.033s] -- Searching for dependencies of gz-sensors8-navsat
[21.035s] -- Searching for <gz-sensors8> component [dvl]
[21.047s] -- Looking for gz-sensors8-dvl -- found version 8.2.2
[21.048s] -- Searching for dependencies of gz-sensors8-dvl
[21.050s] -- Looking for gz-sensors8 -- found version 8.2.2
[21.051s] -- Searching for dependencies of gz-sensors8
[22.496s] -- Looking for gz-math7 -- found version 7.5.2
[22.496s] -- Looking for gz-common5 -- found version 5.7.1
[22.496s] -- Looking for gz-transport13 -- found version 13.5.0
[22.497s] -- Looking for gz-rendering8 -- found version 8.2.3
[22.499s] -- Looking for gz-msgs10 -- found version 10.3.2
[22.499s] -- Looking for sdformat14 -- found version 14.8.0
[22.500s] -- Searching for <gz-sensors8> component [rendering]
[22.504s] -- Looking for gz-sensors8-rendering -- found version 8.2.2
[22.504s] -- Searching for dependencies of gz-sensors8-rendering
[22.506s] -- Searching for <gz-sensors8> component [rendering]
[22.507s] -- Searching for <gz-sensors8> component [lidar]
[22.510s] -- Looking for gz-sensors8-lidar -- found version 8.2.2
[22.512s] -- Searching for dependencies of gz-sensors8-lidar
[22.512s] -- Looking for gz-sensors8 -- found version 8.2.2
[22.513s] -- Searching for <gz-sensors8> component [gpu_lidar]
[22.516s] -- Looking for gz-sensors8-gpu_lidar -- found version 8.2.2
[22.517s] -- Searching for dependencies of gz-sensors8-gpu_lidar
[22.517s] -- Looking for gz-sensors8 -- found version 8.2.2
[22.518s] -- Searching for <gz-sensors8> component [camera]
[22.522s] -- Looking for gz-sensors8-camera -- found version 8.2.2
[22.522s] -- Searching for dependencies of gz-sensors8-camera
[22.523s] -- Looking for gz-sensors8 -- found version 8.2.2
[22.524s] -- Searching for <gz-sensors8> component [boundingbox_camera]
[22.527s] -- Looking for gz-sensors8-boundingbox_camera -- found version 8.2.2
[22.528s] -- Searching for dependencies of gz-sensors8-boundingbox_camera
[22.529s] -- Searching for <gz-sensors8> component [segmentation_camera]
[22.533s] -- Looking for gz-sensors8-segmentation_camera -- found version 8.2.2
[22.533s] -- Searching for dependencies of gz-sensors8-segmentation_camera
[22.534s] -- Searching for <gz-sensors8> component [depth_camera]
[22.539s] -- Looking for gz-sensors8-depth_camera -- found version 8.2.2
[22.540s] -- Searching for dependencies of gz-sensors8-depth_camera
[22.541s] -- Looking for gz-sensors8 -- found version 8.2.2
[22.542s] -- Searching for <gz-sensors8> component [rgbd_camera]
[22.546s] -- Looking for gz-sensors8-rgbd_camera -- found version 8.2.2
[22.546s] -- Searching for dependencies of gz-sensors8-rgbd_camera
[22.547s] -- Looking for gz-sensors8 -- found version 8.2.2
[22.548s] -- Searching for <gz-sensors8> component [thermal_camera]
[22.551s] -- Looking for gz-sensors8-thermal_camera -- found version 8.2.2
[22.552s] -- Searching for dependencies of gz-sensors8-thermal_camera
[22.553s] -- Looking for gz-sensors8 -- found version 8.2.2
[22.555s] -- Searching for <gz-sensors8> component [wide_angle_camera]
[22.562s] -- Looking for gz-sensors8-wide_angle_camera -- found version 8.2.2
[22.562s] -- Searching for dependencies of gz-sensors8-wide_angle_camera
[22.565s] -- Looking for gz-rendering8 -- found version 8.2.3
[22.565s] -- Looking for gz-math7 -- found version 7.5.2
[22.566s] -- Looking for gz-utils2 -- found version 2.2.1
[23.938s] -- Looking for gz-plugin2 -- found version 2.0.4
[24.146s] -- Configuring done (24.1s)
[24.365s] -- Generating done (0.2s)
[24.408s] -- Build files have been written to: /root/ROS2/turtlebot3_ws/src/roberto/build/roberto
[24.447s] Invoked command in '/root/ROS2/turtlebot3_ws/src/roberto/build/roberto' returned '0': CMAKE_PREFIX_PATH=${CMAKE_PREFIX_PATH}:/opt/ros/jazzy /usr/bin/cmake /root/ROS2/turtlebot3_ws/src/roberto -DCMAKE_INSTALL_PREFIX=/root/ROS2/turtlebot3_ws/src/roberto/install/roberto
[24.449s] Invoking command in '/root/ROS2/turtlebot3_ws/src/roberto/build/roberto': CMAKE_PREFIX_PATH=${CMAKE_PREFIX_PATH}:/opt/ros/jazzy /usr/bin/cmake --build /root/ROS2/turtlebot3_ws/src/roberto/build/roberto -- -j8 -l8
[24.559s] [ 25%] [32mBuilding CXX object CMakeFiles/obstacles.dir/src/obstacles.cpp.o[0m
[24.559s] [ 25%] [32mBuilding CXX object CMakeFiles/turtlebot3_drive.dir/src/turtlebot3_drive.cpp.o[0m
[24.559s] [ 37%] [32mBuilding CXX object CMakeFiles/obstacle2.dir/src/obstacle2.cpp.o[0m
[24.562s] [ 50%] [32mBuilding CXX object CMakeFiles/obstacle1.dir/src/obstacle1.cpp.o[0m
[31.568s] [ 62%] [32m[1mLinking CXX shared library libobstacle1.so[0m
[31.845s] [ 75%] [32m[1mLinking CXX shared library libobstacle2.so[0m
[32.306s] [ 75%] Built target obstacle1
[32.440s] [ 75%] Built target obstacle2
[32.730s] [ 87%] [32m[1mLinking CXX shared library libobstacles.so[0m
[33.244s] gmake[2]: *** [CMakeFiles/turtlebot3_drive.dir/build.make:76: CMakeFiles/turtlebot3_drive.dir/src/turtlebot3_drive.cpp.o] Interrupt
[33.244s] gmake[1]: *** [CMakeFiles/Makefile2:143: CMakeFiles/turtlebot3_drive.dir/all] Interrupt
[33.244s] gmake[2]: *** Deleting file 'libobstacles.so'
[33.244s] gmake[2]: *** [CMakeFiles/obstacles.dir/build.make:141: libobstacles.so] Interrupt
[33.245s] gmake[1]: *** [CMakeFiles/Makefile2:169: CMakeFiles/obstacles.dir/all] Interrupt
[33.245s] gmake: *** [Makefile:146: all] Interrupt
[33.290s] Invoked command in '/root/ROS2/turtlebot3_ws/src/roberto/build/roberto' returned '-2': CMAKE_PREFIX_PATH=${CMAKE_PREFIX_PATH}:/opt/ros/jazzy /usr/bin/cmake --build /root/ROS2/turtlebot3_ws/src/roberto/build/roberto -- -j8 -l8
