[0.249s] DEBUG:colcon:Command line arguments: ['/usr/bin/colcon', 'build', '--packages-select', 'roberto']
[0.249s] DEBUG:colcon:Parsed command line arguments: Namespace(log_base=None, log_level=None, verb_name='build', build_base='build', install_base='install', merge_install=False, symlink_install=False, test_result_base=None, continue_on_error=False, executor='parallel', parallel_workers=8, event_handlers=None, ignore_user_meta=False, metas=['./colcon.meta'], base_paths=['.'], packages_ignore=None, packages_ignore_regex=None, paths=None, packages_up_to=None, packages_up_to_regex=None, packages_above=None, packages_above_and_dependencies=None, packages_above_depth=None, packages_select_by_dep=None, packages_skip_by_dep=None, packages_skip_up_to=None, packages_select_build_failed=False, packages_skip_build_finished=False, packages_select_test_failures=False, packages_skip_test_passed=False, packages_select=['roberto'], packages_skip=None, packages_select_regex=None, packages_skip_regex=None, packages_start=None, packages_end=None, allow_overriding=[], cmake_args=None, cmake_target=None, cmake_target_skip_unavailable=False, cmake_clean_cache=False, cmake_clean_first=False, cmake_force_configure=False, ament_cmake_args=None, catkin_cmake_args=None, catkin_skip_building_tests=False, mixin_files=None, mixin=None, verb_parser=<colcon_mixin.mixin.mixin_argument.MixinArgumentDecorator object at 0x721b8c88a330>, verb_extension=<colcon_core.verb.build.BuildVerb object at 0x721b8d01ae40>, main=<bound method BuildVerb.main of <colcon_core.verb.build.BuildVerb object at 0x721b8d01ae40>>, mixin_verb=('build',))
[0.292s] Level 1:colcon.colcon_core.package_discovery:discover_packages(colcon_meta) check parameters
[0.292s] Level 1:colcon.colcon_core.package_discovery:discover_packages(recursive) check parameters
[0.292s] Level 1:colcon.colcon_core.package_discovery:discover_packages(ignore) check parameters
[0.292s] Level 1:colcon.colcon_core.package_discovery:discover_packages(path) check parameters
[0.292s] Level 1:colcon.colcon_core.package_discovery:discover_packages(colcon_meta) discover
[0.292s] Level 1:colcon.colcon_core.package_discovery:discover_packages(recursive) discover
[0.292s] INFO:colcon.colcon_core.package_discovery:Crawling recursively for packages in '/root/ROS2/turtlebot3_ws/src/roberto'
[0.292s] Level 1:colcon.colcon_core.package_identification:_identify(.) by extensions ['ignore', 'ignore_ament_install']
[0.292s] Level 1:colcon.colcon_core.package_identification:_identify(.) by extension 'ignore'
[0.292s] Level 1:colcon.colcon_core.package_identification:_identify(.) by extension 'ignore_ament_install'
[0.292s] Level 1:colcon.colcon_core.package_identification:_identify(.) by extensions ['colcon_pkg']
[0.292s] Level 1:colcon.colcon_core.package_identification:_identify(.) by extension 'colcon_pkg'
[0.292s] Level 1:colcon.colcon_core.package_identification:_identify(.) by extensions ['colcon_meta']
[0.293s] Level 1:colcon.colcon_core.package_identification:_identify(.) by extension 'colcon_meta'
[0.293s] Level 1:colcon.colcon_core.package_identification:_identify(.) by extensions ['ros']
[0.293s] Level 1:colcon.colcon_core.package_identification:_identify(.) by extension 'ros'
[0.321s] DEBUG:colcon.colcon_core.package_identification:Package '.' with type 'ros.ament_cmake' and name 'roberto'
[0.321s] Level 1:colcon.colcon_core.package_discovery:discover_packages(recursive) using defaults
[0.321s] Level 1:colcon.colcon_core.package_discovery:discover_packages(ignore) discover
[0.321s] Level 1:colcon.colcon_core.package_discovery:discover_packages(ignore) using defaults
[0.321s] Level 1:colcon.colcon_core.package_discovery:discover_packages(path) discover
[0.321s] Level 1:colcon.colcon_core.package_discovery:discover_packages(path) using defaults
[0.339s] Level 1:colcon.colcon_core.package_discovery:discover_packages(prefix_path) check parameters
[0.339s] Level 1:colcon.colcon_core.package_discovery:discover_packages(prefix_path) discover
[0.341s] DEBUG:colcon.colcon_installed_package_information.package_discovery:Found 1 installed packages in /root/ROS2/turtlebot3_ws/install
[0.343s] DEBUG:colcon.colcon_installed_package_information.package_discovery:Found 368 installed packages in /opt/ros/jazzy
[0.344s] Level 1:colcon.colcon_core.package_discovery:discover_packages(prefix_path) using defaults
[0.400s] Level 5:colcon.colcon_core.verb:set package 'roberto' build argument 'cmake_args' from command line to 'None'
[0.400s] Level 5:colcon.colcon_core.verb:set package 'roberto' build argument 'cmake_target' from command line to 'None'
[0.400s] Level 5:colcon.colcon_core.verb:set package 'roberto' build argument 'cmake_target_skip_unavailable' from command line to 'False'
[0.400s] Level 5:colcon.colcon_core.verb:set package 'roberto' build argument 'cmake_clean_cache' from command line to 'False'
[0.400s] Level 5:colcon.colcon_core.verb:set package 'roberto' build argument 'cmake_clean_first' from command line to 'False'
[0.400s] Level 5:colcon.colcon_core.verb:set package 'roberto' build argument 'cmake_force_configure' from command line to 'False'
[0.400s] Level 5:colcon.colcon_core.verb:set package 'roberto' build argument 'ament_cmake_args' from command line to 'None'
[0.400s] Level 5:colcon.colcon_core.verb:set package 'roberto' build argument 'catkin_cmake_args' from command line to 'None'
[0.400s] Level 5:colcon.colcon_core.verb:set package 'roberto' build argument 'catkin_skip_building_tests' from command line to 'False'
[0.400s] DEBUG:colcon.colcon_core.verb:Building package 'roberto' with the following arguments: {'ament_cmake_args': None, 'build_base': '/root/ROS2/turtlebot3_ws/src/roberto/build/roberto', 'catkin_cmake_args': None, 'catkin_skip_building_tests': False, 'cmake_args': None, 'cmake_clean_cache': False, 'cmake_clean_first': False, 'cmake_force_configure': False, 'cmake_target': None, 'cmake_target_skip_unavailable': False, 'install_base': '/root/ROS2/turtlebot3_ws/src/roberto/install/roberto', 'merge_install': False, 'path': '/root/ROS2/turtlebot3_ws/src/roberto', 'symlink_install': False, 'test_result_base': None}
[0.400s] INFO:colcon.colcon_core.executor:Executing jobs using 'parallel' executor
[0.401s] DEBUG:colcon.colcon_parallel_executor.executor.parallel:run_until_complete
[0.402s] INFO:colcon.colcon_ros.task.ament_cmake.build:Building ROS package in '/root/ROS2/turtlebot3_ws/src/roberto' with build type 'ament_cmake'
[0.402s] INFO:colcon.colcon_cmake.task.cmake.build:Building CMake package in '/root/ROS2/turtlebot3_ws/src/roberto'
[0.405s] INFO:colcon.colcon_core.plugin_system:Skipping extension 'colcon_core.shell.bat': Not used on non-Windows systems
[0.405s] INFO:colcon.colcon_core.shell:Skip shell extension 'powershell' for command environment: Not usable outside of PowerShell
[0.405s] DEBUG:colcon.colcon_core.shell:Skip shell extension 'dsv' for command environment
[0.416s] DEBUG:colcon.colcon_core.event_handler.log_command:Invoking command in '/root/ROS2/turtlebot3_ws/src/roberto/build/roberto': CMAKE_PREFIX_PATH=${CMAKE_PREFIX_PATH}:/opt/ros/jazzy /usr/bin/cmake /root/ROS2/turtlebot3_ws/src/roberto -DCMAKE_INSTALL_PREFIX=/root/ROS2/turtlebot3_ws/src/roberto/install/roberto
[27.076s] DEBUG:colcon.colcon_core.event_handler.log_command:Invoked command in '/root/ROS2/turtlebot3_ws/src/roberto/build/roberto' returned '0': CMAKE_PREFIX_PATH=${CMAKE_PREFIX_PATH}:/opt/ros/jazzy /usr/bin/cmake /root/ROS2/turtlebot3_ws/src/roberto -DCMAKE_INSTALL_PREFIX=/root/ROS2/turtlebot3_ws/src/roberto/install/roberto
[27.079s] DEBUG:colcon.colcon_core.event_handler.log_command:Invoking command in '/root/ROS2/turtlebot3_ws/src/roberto/build/roberto': CMAKE_PREFIX_PATH=${CMAKE_PREFIX_PATH}:/opt/ros/jazzy /usr/bin/cmake --build /root/ROS2/turtlebot3_ws/src/roberto/build/roberto -- -j8 -l8
[41.614s] DEBUG:colcon.colcon_core.event_handler.log_command:Invoked command in '/root/ROS2/turtlebot3_ws/src/roberto/build/roberto' returned '0': CMAKE_PREFIX_PATH=${CMAKE_PREFIX_PATH}:/opt/ros/jazzy /usr/bin/cmake --build /root/ROS2/turtlebot3_ws/src/roberto/build/roberto -- -j8 -l8
[41.630s] DEBUG:colcon.colcon_core.event_handler.log_command:Invoking command in '/root/ROS2/turtlebot3_ws/src/roberto/build/roberto': CMAKE_PREFIX_PATH=${CMAKE_PREFIX_PATH}:/opt/ros/jazzy /usr/bin/cmake --install /root/ROS2/turtlebot3_ws/src/roberto/build/roberto
[41.907s] Level 1:colcon.colcon_core.environment:create_environment_scripts_only(roberto)
[41.907s] DEBUG:colcon.colcon_core.event_handler.log_command:Invoked command in '/root/ROS2/turtlebot3_ws/src/roberto/build/roberto' returned '0': CMAKE_PREFIX_PATH=${CMAKE_PREFIX_PATH}:/opt/ros/jazzy /usr/bin/cmake --install /root/ROS2/turtlebot3_ws/src/roberto/build/roberto
[41.910s] Level 1:colcon.colcon_core.environment:checking '/root/ROS2/turtlebot3_ws/src/roberto/install/roberto' for CMake module files
[41.910s] Level 1:colcon.colcon_core.environment:checking '/root/ROS2/turtlebot3_ws/src/roberto/install/roberto' for CMake config files
[41.911s] Level 1:colcon.colcon_core.shell:create_environment_hook('roberto', 'cmake_prefix_path')
[41.912s] INFO:colcon.colcon_core.shell:Creating environment hook '/root/ROS2/turtlebot3_ws/src/roberto/install/roberto/share/roberto/hook/cmake_prefix_path.ps1'
[41.913s] INFO:colcon.colcon_core.shell:Creating environment descriptor '/root/ROS2/turtlebot3_ws/src/roberto/install/roberto/share/roberto/hook/cmake_prefix_path.dsv'
[41.913s] INFO:colcon.colcon_core.shell:Creating environment hook '/root/ROS2/turtlebot3_ws/src/roberto/install/roberto/share/roberto/hook/cmake_prefix_path.sh'
[41.914s] Level 1:colcon.colcon_core.environment:checking '/root/ROS2/turtlebot3_ws/src/roberto/install/roberto/lib'
[41.914s] Level 1:colcon.colcon_core.environment:checking '/root/ROS2/turtlebot3_ws/src/roberto/install/roberto/bin'
[41.914s] Level 1:colcon.colcon_core.environment:checking '/root/ROS2/turtlebot3_ws/src/roberto/install/roberto/lib/pkgconfig/roberto.pc'
[41.915s] Level 1:colcon.colcon_core.environment:checking '/root/ROS2/turtlebot3_ws/src/roberto/install/roberto/lib/python3.12/site-packages'
[41.915s] Level 1:colcon.colcon_core.environment:checking '/root/ROS2/turtlebot3_ws/src/roberto/install/roberto/bin'
[41.915s] INFO:colcon.colcon_core.shell:Creating package script '/root/ROS2/turtlebot3_ws/src/roberto/install/roberto/share/roberto/package.ps1'
[41.916s] INFO:colcon.colcon_core.shell:Creating package descriptor '/root/ROS2/turtlebot3_ws/src/roberto/install/roberto/share/roberto/package.dsv'
[41.916s] INFO:colcon.colcon_core.shell:Creating package script '/root/ROS2/turtlebot3_ws/src/roberto/install/roberto/share/roberto/package.sh'
[41.917s] INFO:colcon.colcon_core.shell:Creating package script '/root/ROS2/turtlebot3_ws/src/roberto/install/roberto/share/roberto/package.bash'
[41.918s] INFO:colcon.colcon_core.shell:Creating package script '/root/ROS2/turtlebot3_ws/src/roberto/install/roberto/share/roberto/package.zsh'
[41.918s] Level 1:colcon.colcon_core.environment:create_file_with_runtime_dependencies(/root/ROS2/turtlebot3_ws/src/roberto/install/roberto/share/colcon-core/packages/roberto)
[41.919s] Level 1:colcon.colcon_core.environment:create_environment_scripts_only(roberto)
[41.920s] Level 1:colcon.colcon_core.environment:checking '/root/ROS2/turtlebot3_ws/src/roberto/install/roberto' for CMake module files
[41.920s] Level 1:colcon.colcon_core.environment:checking '/root/ROS2/turtlebot3_ws/src/roberto/install/roberto' for CMake config files
[41.921s] Level 1:colcon.colcon_core.shell:create_environment_hook('roberto', 'cmake_prefix_path')
[41.921s] INFO:colcon.colcon_core.shell:Creating environment hook '/root/ROS2/turtlebot3_ws/src/roberto/install/roberto/share/roberto/hook/cmake_prefix_path.ps1'
[41.922s] INFO:colcon.colcon_core.shell:Creating environment descriptor '/root/ROS2/turtlebot3_ws/src/roberto/install/roberto/share/roberto/hook/cmake_prefix_path.dsv'
[41.922s] INFO:colcon.colcon_core.shell:Creating environment hook '/root/ROS2/turtlebot3_ws/src/roberto/install/roberto/share/roberto/hook/cmake_prefix_path.sh'
[41.923s] Level 1:colcon.colcon_core.environment:checking '/root/ROS2/turtlebot3_ws/src/roberto/install/roberto/lib'
[41.923s] Level 1:colcon.colcon_core.environment:checking '/root/ROS2/turtlebot3_ws/src/roberto/install/roberto/bin'
[41.923s] Level 1:colcon.colcon_core.environment:checking '/root/ROS2/turtlebot3_ws/src/roberto/install/roberto/lib/pkgconfig/roberto.pc'
[41.924s] Level 1:colcon.colcon_core.environment:checking '/root/ROS2/turtlebot3_ws/src/roberto/install/roberto/lib/python3.12/site-packages'
[41.924s] Level 1:colcon.colcon_core.environment:checking '/root/ROS2/turtlebot3_ws/src/roberto/install/roberto/bin'
[41.924s] INFO:colcon.colcon_core.shell:Creating package script '/root/ROS2/turtlebot3_ws/src/roberto/install/roberto/share/roberto/package.ps1'
[41.925s] INFO:colcon.colcon_core.shell:Creating package descriptor '/root/ROS2/turtlebot3_ws/src/roberto/install/roberto/share/roberto/package.dsv'
[41.925s] INFO:colcon.colcon_core.shell:Creating package script '/root/ROS2/turtlebot3_ws/src/roberto/install/roberto/share/roberto/package.sh'
[41.926s] INFO:colcon.colcon_core.shell:Creating package script '/root/ROS2/turtlebot3_ws/src/roberto/install/roberto/share/roberto/package.bash'
[41.926s] INFO:colcon.colcon_core.shell:Creating package script '/root/ROS2/turtlebot3_ws/src/roberto/install/roberto/share/roberto/package.zsh'
[41.927s] Level 1:colcon.colcon_core.environment:create_file_with_runtime_dependencies(/root/ROS2/turtlebot3_ws/src/roberto/install/roberto/share/colcon-core/packages/roberto)
[41.927s] DEBUG:colcon.colcon_parallel_executor.executor.parallel:closing loop
[41.928s] DEBUG:colcon.colcon_parallel_executor.executor.parallel:loop closed
[41.928s] DEBUG:colcon.colcon_parallel_executor.executor.parallel:run_until_complete finished with '0'
[41.929s] DEBUG:colcon.colcon_core.event_reactor:joining thread
[42.004s] INFO:colcon.colcon_core.plugin_system:Skipping extension 'colcon_notification.desktop_notification.notify_send': Could not find 'notify-send'
[42.004s] INFO:colcon.colcon_core.plugin_system:Skipping extension 'colcon_notification.desktop_notification.terminal_notifier': Not used on non-Darwin systems
[42.004s] INFO:colcon.colcon_core.plugin_system:Skipping extension 'colcon_notification.desktop_notification.win32': Not used on non-Windows systems
[42.004s] INFO:colcon.colcon_notification.desktop_notification:Sending desktop notification using 'notify2'
[42.006s] DEBUG:colcon.colcon_notification.desktop_notification.notify2:Failed to initialize notify2: org.freedesktop.DBus.Error.ServiceUnknown: The name org.freedesktop.Notifications was not provided by any .service files
[42.006s] DEBUG:colcon.colcon_core.event_reactor:joined thread
[42.006s] INFO:colcon.colcon_core.shell:Creating prefix script '/root/ROS2/turtlebot3_ws/src/roberto/install/local_setup.ps1'
[42.007s] INFO:colcon.colcon_core.shell:Creating prefix util module '/root/ROS2/turtlebot3_ws/src/roberto/install/_local_setup_util_ps1.py'
[42.008s] INFO:colcon.colcon_core.shell:Creating prefix chain script '/root/ROS2/turtlebot3_ws/src/roberto/install/setup.ps1'
[42.009s] INFO:colcon.colcon_core.shell:Creating prefix script '/root/ROS2/turtlebot3_ws/src/roberto/install/local_setup.sh'
[42.009s] INFO:colcon.colcon_core.shell:Creating prefix util module '/root/ROS2/turtlebot3_ws/src/roberto/install/_local_setup_util_sh.py'
[42.010s] INFO:colcon.colcon_core.shell:Creating prefix chain script '/root/ROS2/turtlebot3_ws/src/roberto/install/setup.sh'
[42.011s] INFO:colcon.colcon_core.shell:Creating prefix script '/root/ROS2/turtlebot3_ws/src/roberto/install/local_setup.bash'
[42.011s] INFO:colcon.colcon_core.shell:Creating prefix chain script '/root/ROS2/turtlebot3_ws/src/roberto/install/setup.bash'
[42.012s] INFO:colcon.colcon_core.shell:Creating prefix script '/root/ROS2/turtlebot3_ws/src/roberto/install/local_setup.zsh'
[42.012s] INFO:colcon.colcon_core.shell:Creating prefix chain script '/root/ROS2/turtlebot3_ws/src/roberto/install/setup.zsh'
